// Jest Snapshot v1, https://goo.gl/fbAQLP

exports[`Nav component matches snapshot 1`] = `[Function]`;
